// Vitest Snapshot v1, https://vitest.dev/guide/snapshot.html

exports[`ActionsTable > Should match snapshot 1`] = `
"<div class="space-y-4">
  <div class="space-y-2">
    <p class="head-4">general.action</p>
    <ul class="transition-colors duration-300 border-4 rounded-lg p-4 border-secondary bg-secondary/50 p-2">
      <li class="flex w-full flex-col border-b-2 border-secondary py-2 last:border-b-0 last:pb-0 first:pt-0 list-disc">
        <div class="flex flex-wrap gap-x-4 items-center">
          <p class="font-bold">Test Action: </p>
          <p class="text-sm text-muted-foreground">Test Description</p>
        </div>
        <div class="flex flex-wrap gap-x-4 items-center mt-2">
          <div class="flex flex-wrap gap-x-2 items-center">
            <p class="font-bold"> To hit: </p>
            <p class="text-sm text-muted-foreground"> +10</p>
          </div>
          <div class="flex flex-wrap gap-x-2 items-center">
            <p class="font-bold"> Dice: </p>
            <p class="text-sm text-muted-foreground">1d10 <span> +10</span></p>
          </div>
        </div>
      </li>
    </ul>
  </div>
</div>"
`;
