// Vitest Snapshot v1, https://vitest.dev/guide/snapshot.html

exports[`ContentCount > Should match snapshot 1`] = `"<span data-test-count="" class="text-[12px] text-muted-foreground">1/2</span>"`;
