// Vitest Snapshot v1, https://vitest.dev/guide/snapshot.html

exports[`CreateButton > Should match snapshot 1`] = `"<button class="btn-primary w-[120px]" aria-label="actions.create">actions.create</button>"`;
