// Vitest Snapshot v1, https://vitest.dev/guide/snapshot.html

exports[`FantasyNameGenerator > Should match snapshot 1`] = `
"<ol class="grid list-disc list-inside gap-x-6" style="grid-template-columns: repeat(2, minmax(0, 1fr));">
  <div class="flex flex-col gap-1">
    <li class="cursor-copy">Test Name</li>
    <li class="cursor-copy">Test Name</li>
    <li class="cursor-copy">Test Name</li>
    <li class="cursor-copy">Test Name</li>
    <li class="cursor-copy">Test Name</li>
  </div>
  <div class="flex flex-col gap-1">
    <li class="cursor-copy">Test Name</li>
    <li class="cursor-copy">Test Name</li>
    <li class="cursor-copy">Test Name</li>
    <li class="cursor-copy">Test Name</li>
    <li class="cursor-copy">Test Name</li>
  </div>
</ol>
<div class="flex w-full justify-end gap-2 items-center mt-4">
  <p class="text-muted-foreground text-2xs">pages.fantasyNameGenerator.tip</p><button data-test-generate="" class="btn-primary">actions.generate</button>
</div>"
`;
