// Vitest Snapshot v1, https://vitest.dev/guide/snapshot.html

exports[`LimitCta > Should match snapshot 1`] = `""`;
