// Vitest Snapshot v1, https://vitest.dev/guide/snapshot.html

exports[`PercentageDial > Should match snapshot 1`] = `
"<svg class="size-7 -rotate-90" viewBox="0 0 36 36">
  <circle cx="18" cy="18" r="16" fill="none" stroke-width="4" class="stroke-current text-secondary"></circle>
  <circle data-test-dial="" cx="18" cy="18" r="16" fill="none" stroke-width="4" stroke-dasharray="100" stroke-dashoffset="-50" stroke-linecap="round" class="text-primary stroke-current duration-300 transition-all"></circle>
</svg>"
`;
