// Vitest Snapshot v1, https://vitest.dev/guide/snapshot.html

exports[`Initiative table row init > Should match snapshot 1`] = `
"<div class="flex gap-2 items-center text-left"><button id="reka-popover-trigger-v-0-0-0" type="button" aria-haspopup="dialog" aria-expanded="false" aria-controls="" data-state="closed" data-test-trigger="" class="flex flex-col justify-center"><span data-test-initiative="">20</span></button>
  <!--teleport start-->
  <!--teleport end-->
  <div data-test-controls="" class="flex flex-col">
    <!--v-if-->
    <!--v-if-->
  </div>
</div>"
`;
