// Vitest Snapshot v1, https://vitest.dev/guide/snapshot.html

exports[`Initiative header > Should render correctly with required props 1`] = `
"<div class="relative flex flex-col sm:flex-row gap-x-4 gap-y-2 items-center justify-end container-max w-full"><img src="/gifs/cat.gif" loading="lazy" class="size-6 max-[350px]:hidden absolute top-14 sm:top-6 left-4" data-test-pet="">
  <div class="flex gap-2 items-center"><span class="text-muted-foreground">general.round: <span data-test-round="" class="font-bold text-foreground">1</span></span><button id="tour-11" data-test-reset="" aria-label="Reset rounds" class="icon-btn-destructive" type="button" aria-haspopup="dialog" aria-expanded="false" aria-controls="" data-state="closed"><span class="iconify i-tabler:refresh text-destructive" aria-hidden="true"></span></button>
    <!--teleport start-->
    <!--teleport end-->
  </div>
  <div id="tour-1" class="flex gap-2 items-center bg-primary/50 rounded-lg border-4 border-primary"><button data-test-previous="" disabled="" aria-label="actions.prev" class="group disabled:cursor-not-allowed duration-300 ease-in-out py-1 pl-1 pr-2 border-r-2 border-primary flex flex-col items-center"><span class="iconify i-tabler:chevron-left group-disabled:opacity-50 size-6" aria-hidden="true"></span></button>
    <p class="font-medium px-2">components.inputs.initiativeLabel</p><button data-test-next="" aria-label="actions.next" class="group disabled:cursor-not-allowed py-1 pl-2 pr-1 border-l-2 border-primary flex flex-col items-center"><span class="iconify i-tabler:chevron-right group-disabled:opacity-50 size-6" aria-hidden="true"></span></button>
  </div>
</div>"
`;
