// Vitest Snapshot v1, https://vitest.dev/guide/snapshot.html

exports[`MasonryGrid > Should match snapshot 1`] = `
"<div class="grid gap-4 overflow-y-auto" style="grid-template-columns: repeat(2, minmax(0, 1fr));">
  <div class="flex flex-col gap-4"></div>
  <div class="flex flex-col gap-4"></div>
</div>"
`;
